// Jest Snapshot v1, https://goo.gl/fbAQLP

exports[`Movements out should render page correctly 1`] = `
<Fragment>
  <GridRow>
    <GridCol
      columnFull={false}
      columnOneHalf={false}
      columnOneQuarter={false}
      columnOneThird={false}
      columnThreeQuarters={false}
      columnTwoThirds={false}
      setWidth="one-quarter"
    >
      <SortLov
        setColumnSort={[MockFunction]}
        sortColumn="lastName"
        sortColumns={
          Array [
            "lastName",
          ]
        }
        sortOrder="ASC"
      />
    </GridCol>
  </GridRow>
  <table>
    <thead>
      <tr>
        <th
          className="straight width5"
        />
        <th
          className="straight width15"
        >
          <SortableColumn
            column="lastName"
            heading="Name"
            setColumnSort={[MockFunction]}
            sortColumn="lastName"
            sortOrder="ASC"
          />
        </th>
        <th
          className="straight width5"
        >
          Prison no.
        </th>
        <th
          className="straight width5"
        >
          D.O.B.
        </th>
        <th
          className="straight width5"
        >
          Time out
        </th>
        <th
          className="straight width10"
        >
          Reason
        </th>
        <th
          className="straight width15"
        >
          Flags
        </th>
      </tr>
    </thead>
    <tbody>
      <tr
        className="row-gutters"
        key="offenderNo_reasonDescription_12:00"
      >
        <td
          className="row-gutters"
        >
          <OffenderImage
            offenderNo="offenderNo"
          />
        </td>
        <td
          className="row-gutters"
        >
          <OffenderName
            firstName="firstName"
            lastName="lastName"
          />
        </td>
        <td
          className="row-gutters"
        >
          offenderNo
        </td>
        <td
          className="row-gutters"
        >
          <FormattedDate />
        </td>
        <td>
          <HoursAndMinutes
            hhmmss="12:00"
          />
        </td>
        <td>
          reasonDescription
        </td>
        <td
          className="row-gutters"
        >
          <Flags
            alerts={
              Array [
                "HA",
                "XSA",
                "XA",
                "PEEP",
                "XEL",
                "XRF",
                "XTACT",
              ]
            }
            category=""
          />
        </td>
      </tr>
    </tbody>
  </table>
</Fragment>
`;
