// Jest Snapshot v1, https://goo.gl/fbAQLP

exports[`renders with the correct styles 1`] = `
.c0 {
  max-width: 70px;
}

@media (min-width:769px) {
  .c0 {
    max-width: 90px;
  }
}

<img
  className="c0"
/>
`;
